                                      1 ;--------------------------------------------------------
                                      2 ; File Created by SDCC : free open source ANSI-C Compiler
                                      3 ; Version 4.0.4 #11952 (MINGW64)
                                      4 ;--------------------------------------------------------
                                      5 	.module game
                                      6 	.optsdcc -mgbz80
                                      7 	
                                      8 ;--------------------------------------------------------
                                      9 ; Public variables in this module
                                     10 ;--------------------------------------------------------
                                     11 	.globl _main
                                     12 	.globl _setupFoguete
                                     13 	.globl _setupAstronauta
                                     14 	.globl _checkCollisions
                                     15 	.globl _setPositionGameCharacter
                                     16 	.globl _performantdelay
                                     17 	.globl _puts
                                     18 	.globl _sprintf
                                     19 	.globl _set_sprite_data
                                     20 	.globl _wait_vbl_done
                                     21 	.globl _joypad
                                     22 	.globl _spritesize
                                     23 	.globl _foguete
                                     24 	.globl _astronauta
                                     25 	.globl _sprites1
                                     26 ;--------------------------------------------------------
                                     27 ; special function registers
                                     28 ;--------------------------------------------------------
                                     29 ;--------------------------------------------------------
                                     30 ; ram data
                                     31 ;--------------------------------------------------------
                                     32 	.area _DATA
      000000                         33 _sprites1::
      000000                         34 	.ds 128
      000080                         35 _astronauta::
      000080                         36 	.ds 8
      000088                         37 _foguete::
      000088                         38 	.ds 8
      000090                         39 _spritesize::
      000090                         40 	.ds 1
                                     41 ;--------------------------------------------------------
                                     42 ; absolute external ram data
                                     43 ;--------------------------------------------------------
                                     44 	.area _DABS (ABS)
                                     45 ;--------------------------------------------------------
                                     46 ; global & static initialisations
                                     47 ;--------------------------------------------------------
                                     48 	.area _HOME
                                     49 	.area _GSINIT
                                     50 	.area _GSFINAL
                                     51 	.area _GSINIT
                                     52 ;astronautaEfoguete.c:26: unsigned char sprites1[] =
      000000 21r00r00                53 	ld	hl, #_sprites1
      000003 36 0F                   54 	ld	(hl), #0x0f
      000005 21r01r00                55 	ld	hl, #(_sprites1 + 0x0001)
      000008 36 0F                   56 	ld	(hl), #0x0f
      00000A 21r02r00                57 	ld	hl, #(_sprites1 + 0x0002)
      00000D 36 1F                   58 	ld	(hl), #0x1f
      00000F 21r03r00                59 	ld	hl, #(_sprites1 + 0x0003)
      000012 36 10                   60 	ld	(hl), #0x10
      000014 21r04r00                61 	ld	hl, #(_sprites1 + 0x0004)
      000017 36 3F                   62 	ld	(hl), #0x3f
      000019 21r05r00                63 	ld	hl, #(_sprites1 + 0x0005)
      00001C 36 20                   64 	ld	(hl), #0x20
      00001E 21r06r00                65 	ld	hl, #(_sprites1 + 0x0006)
      000021 36 3F                   66 	ld	(hl), #0x3f
      000023 21r07r00                67 	ld	hl, #(_sprites1 + 0x0007)
      000026 36 20                   68 	ld	(hl), #0x20
      000028 21r08r00                69 	ld	hl, #(_sprites1 + 0x0008)
      00002B 36 3F                   70 	ld	(hl), #0x3f
      00002D 21r09r00                71 	ld	hl, #(_sprites1 + 0x0009)
      000030 36 20                   72 	ld	(hl), #0x20
      000032 21r0Ar00                73 	ld	hl, #(_sprites1 + 0x000a)
      000035 36 7F                   74 	ld	(hl), #0x7f
      000037 21r0Br00                75 	ld	hl, #(_sprites1 + 0x000b)
      00003A 36 70                   76 	ld	(hl), #0x70
      00003C 21r0Cr00                77 	ld	hl, #(_sprites1 + 0x000c)
      00003F 36 FF                   78 	ld	(hl), #0xff
      000041 21r0Dr00                79 	ld	hl, #(_sprites1 + 0x000d)
      000044 36 90                   80 	ld	(hl), #0x90
      000046 21r0Er00                81 	ld	hl, #(_sprites1 + 0x000e)
      000049 36 DF                   82 	ld	(hl), #0xdf
      00004B 21r0Fr00                83 	ld	hl, #(_sprites1 + 0x000f)
      00004E 36 B0                   84 	ld	(hl), #0xb0
      000050 21r10r00                85 	ld	hl, #(_sprites1 + 0x0010)
      000053 36 F8                   86 	ld	(hl), #0xf8
      000055 21r11r00                87 	ld	hl, #(_sprites1 + 0x0011)
      000058 36 F8                   88 	ld	(hl), #0xf8
      00005A 21r12r00                89 	ld	hl, #(_sprites1 + 0x0012)
      00005D 36 FC                   90 	ld	(hl), #0xfc
      00005F 21r13r00                91 	ld	hl, #(_sprites1 + 0x0013)
      000062 36 0C                   92 	ld	(hl), #0x0c
      000064 21r14r00                93 	ld	hl, #(_sprites1 + 0x0014)
      000067 36 FE                   94 	ld	(hl), #0xfe
      000069 21r15r00                95 	ld	hl, #(_sprites1 + 0x0015)
      00006C 36 06                   96 	ld	(hl), #0x06
      00006E 21r16r00                97 	ld	hl, #(_sprites1 + 0x0016)
      000071 36 FF                   98 	ld	(hl), #0xff
      000073 21r17r00                99 	ld	hl, #(_sprites1 + 0x0017)
      000076 36 1F                  100 	ld	(hl), #0x1f
      000078 21r18r00               101 	ld	hl, #(_sprites1 + 0x0018)
      00007B 36 F1                  102 	ld	(hl), #0xf1
      00007D 21r19r00               103 	ld	hl, #(_sprites1 + 0x0019)
      000080 36 19                  104 	ld	(hl), #0x19
      000082 21r1Ar00               105 	ld	hl, #(_sprites1 + 0x001a)
      000085 36 F1                  106 	ld	(hl), #0xf1
      000087 21r1Br00               107 	ld	hl, #(_sprites1 + 0x001b)
      00008A 36 1F                  108 	ld	(hl), #0x1f
      00008C 21r1Cr00               109 	ld	hl, #(_sprites1 + 0x001c)
      00008F 36 FF                  110 	ld	(hl), #0xff
      000091 21r1Dr00               111 	ld	hl, #(_sprites1 + 0x001d)
      000094 36 1F                  112 	ld	(hl), #0x1f
      000096 21r1Er00               113 	ld	hl, #(_sprites1 + 0x001e)
      000099 36 FE                  114 	ld	(hl), #0xfe
      00009B 21r1Fr00               115 	ld	hl, #(_sprites1 + 0x001f)
      00009E 36 02                  116 	ld	(hl), #0x02
      0000A0 21r20r00               117 	ld	hl, #(_sprites1 + 0x0020)
      0000A3 36 DF                  118 	ld	(hl), #0xdf
      0000A5 21r21r00               119 	ld	hl, #(_sprites1 + 0x0021)
      0000A8 36 B0                  120 	ld	(hl), #0xb0
      0000AA 21r22r00               121 	ld	hl, #(_sprites1 + 0x0022)
      0000AD 36 99                  122 	ld	(hl), #0x99
      0000AF 21r23r00               123 	ld	hl, #(_sprites1 + 0x0023)
      0000B2 36 F6                  124 	ld	(hl), #0xf6
      0000B4 21r24r00               125 	ld	hl, #(_sprites1 + 0x0024)
      0000B7 36 98                  126 	ld	(hl), #0x98
      0000B9 21r25r00               127 	ld	hl, #(_sprites1 + 0x0025)
      0000BC 36 F7                  128 	ld	(hl), #0xf7
      0000BE 21r26r00               129 	ld	hl, #(_sprites1 + 0x0026)
      0000C1 36 98                  130 	ld	(hl), #0x98
      0000C3 21r27r00               131 	ld	hl, #(_sprites1 + 0x0027)
      0000C6 36 F7                  132 	ld	(hl), #0xf7
      0000C8 21r28r00               133 	ld	hl, #(_sprites1 + 0x0028)
      0000CB 36 70                  134 	ld	(hl), #0x70
      0000CD 21r29r00               135 	ld	hl, #(_sprites1 + 0x0029)
      0000D0 36 7F                  136 	ld	(hl), #0x7f
      0000D2 21r2Ar00               137 	ld	hl, #(_sprites1 + 0x002a)
      0000D5 36 11                  138 	ld	(hl), #0x11
      0000D7 21r2Br00               139 	ld	hl, #(_sprites1 + 0x002b)
      0000DA 36 1F                  140 	ld	(hl), #0x1f
      0000DC 21r2Cr00               141 	ld	hl, #(_sprites1 + 0x002c)
      0000DF 36 0F                  142 	ld	(hl), #0x0f
      0000E1 21r2Dr00               143 	ld	hl, #(_sprites1 + 0x002d)
      0000E4 36 0F                  144 	ld	(hl), #0x0f
      0000E6 21r2Er00               145 	ld	hl, #(_sprites1 + 0x002e)
      0000E9 36 06                  146 	ld	(hl), #0x06
      0000EB 21r2Fr00               147 	ld	hl, #(_sprites1 + 0x002f)
      0000EE 36 06                  148 	ld	(hl), #0x06
      0000F0 21r30r00               149 	ld	hl, #(_sprites1 + 0x0030)
      0000F3 36 FE                  150 	ld	(hl), #0xfe
      0000F5 21r31r00               151 	ld	hl, #(_sprites1 + 0x0031)
      0000F8 36 02                  152 	ld	(hl), #0x02
      0000FA 21r32r00               153 	ld	hl, #(_sprites1 + 0x0032)
      0000FD 36 FE                  154 	ld	(hl), #0xfe
      0000FF 21r33r00               155 	ld	hl, #(_sprites1 + 0x0033)
      000102 36 02                  156 	ld	(hl), #0x02
      000104 21r34r00               157 	ld	hl, #(_sprites1 + 0x0034)
      000107 36 1E                  158 	ld	(hl), #0x1e
      000109 21r35r00               159 	ld	hl, #(_sprites1 + 0x0035)
      00010C 36 E2                  160 	ld	(hl), #0xe2
      00010E 21r36r00               161 	ld	hl, #(_sprites1 + 0x0036)
      000111 36 02                  162 	ld	(hl), #0x02
      000113 21r37r00               163 	ld	hl, #(_sprites1 + 0x0037)
      000116 36 FE                  164 	ld	(hl), #0xfe
      000118 21r38r00               165 	ld	hl, #(_sprites1 + 0x0038)
      00011B 36 E2                  166 	ld	(hl), #0xe2
      00011D 21r39r00               167 	ld	hl, #(_sprites1 + 0x0039)
      000120 36 FE                  168 	ld	(hl), #0xfe
      000122 21r3Ar00               169 	ld	hl, #(_sprites1 + 0x003a)
      000125 36 F2                  170 	ld	(hl), #0xf2
      000127 21r3Br00               171 	ld	hl, #(_sprites1 + 0x003b)
      00012A 36 FE                  172 	ld	(hl), #0xfe
      00012C 21r3Cr00               173 	ld	hl, #(_sprites1 + 0x003c)
      00012F 36 1C                  174 	ld	(hl), #0x1c
      000131 21r3Dr00               175 	ld	hl, #(_sprites1 + 0x003d)
      000134 36 1C                  176 	ld	(hl), #0x1c
      000136 21r3Er00               177 	ld	hl, #(_sprites1 + 0x003e)
      000139 36 0C                  178 	ld	(hl), #0x0c
      00013B 21r3Fr00               179 	ld	hl, #(_sprites1 + 0x003f)
      00013E 36 0C                  180 	ld	(hl), #0x0c
      000140 21r40r00               181 	ld	hl, #(_sprites1 + 0x0040)
      000143 36 6C                  182 	ld	(hl), #0x6c
      000145 21r41r00               183 	ld	hl, #(_sprites1 + 0x0041)
      000148 36 00                  184 	ld	(hl), #0x00
      00014A 21r42r00               185 	ld	hl, #(_sprites1 + 0x0042)
      00014D 36 7C                  186 	ld	(hl), #0x7c
      00014F 21r43r00               187 	ld	hl, #(_sprites1 + 0x0043)
      000152 36 44                  188 	ld	(hl), #0x44
      000154 21r44r00               189 	ld	hl, #(_sprites1 + 0x0044)
      000157 36 54                  190 	ld	(hl), #0x54
      000159 21r45r00               191 	ld	hl, #(_sprites1 + 0x0045)
      00015C 36 6C                  192 	ld	(hl), #0x6c
      00015E 21r46r00               193 	ld	hl, #(_sprites1 + 0x0046)
      000161 36 6F                  194 	ld	(hl), #0x6f
      000163 21r47r00               195 	ld	hl, #(_sprites1 + 0x0047)
      000166 36 7F                  196 	ld	(hl), #0x7f
      000168 21r48r00               197 	ld	hl, #(_sprites1 + 0x0048)
      00016B 36 38                  198 	ld	(hl), #0x38
      00016D 21r49r00               199 	ld	hl, #(_sprites1 + 0x0049)
      000170 36 3F                  200 	ld	(hl), #0x3f
      000172 21r4Ar00               201 	ld	hl, #(_sprites1 + 0x004a)
      000175 36 27                  202 	ld	(hl), #0x27
      000177 21r4Br00               203 	ld	hl, #(_sprites1 + 0x004b)
      00017A 36 38                  204 	ld	(hl), #0x38
      00017C 21r4Cr00               205 	ld	hl, #(_sprites1 + 0x004c)
      00017F 36 24                  206 	ld	(hl), #0x24
      000181 21r4Dr00               207 	ld	hl, #(_sprites1 + 0x004d)
      000184 36 3B                  208 	ld	(hl), #0x3b
      000186 21r4Er00               209 	ld	hl, #(_sprites1 + 0x004e)
      000189 36 24                  210 	ld	(hl), #0x24
      00018B 21r4Fr00               211 	ld	hl, #(_sprites1 + 0x004f)
      00018E 36 3B                  212 	ld	(hl), #0x3b
      000190 21r50r00               213 	ld	hl, #(_sprites1 + 0x0050)
      000193 36 36                  214 	ld	(hl), #0x36
      000195 21r51r00               215 	ld	hl, #(_sprites1 + 0x0051)
      000198 36 00                  216 	ld	(hl), #0x00
      00019A 21r52r00               217 	ld	hl, #(_sprites1 + 0x0052)
      00019D 36 3E                  218 	ld	(hl), #0x3e
      00019F 21r53r00               219 	ld	hl, #(_sprites1 + 0x0053)
      0001A2 36 22                  220 	ld	(hl), #0x22
      0001A4 21r54r00               221 	ld	hl, #(_sprites1 + 0x0054)
      0001A7 36 2A                  222 	ld	(hl), #0x2a
      0001A9 21r55r00               223 	ld	hl, #(_sprites1 + 0x0055)
      0001AC 36 36                  224 	ld	(hl), #0x36
      0001AE 21r56r00               225 	ld	hl, #(_sprites1 + 0x0056)
      0001B1 36 F6                  226 	ld	(hl), #0xf6
      0001B3 21r57r00               227 	ld	hl, #(_sprites1 + 0x0057)
      0001B6 36 FE                  228 	ld	(hl), #0xfe
      0001B8 21r58r00               229 	ld	hl, #(_sprites1 + 0x0058)
      0001BB 36 1C                  230 	ld	(hl), #0x1c
      0001BD 21r59r00               231 	ld	hl, #(_sprites1 + 0x0059)
      0001C0 36 FC                  232 	ld	(hl), #0xfc
      0001C2 21r5Ar00               233 	ld	hl, #(_sprites1 + 0x005a)
      0001C5 36 E4                  234 	ld	(hl), #0xe4
      0001C7 21r5Br00               235 	ld	hl, #(_sprites1 + 0x005b)
      0001CA 36 1C                  236 	ld	(hl), #0x1c
      0001CC 21r5Cr00               237 	ld	hl, #(_sprites1 + 0x005c)
      0001CF 36 24                  238 	ld	(hl), #0x24
      0001D1 21r5Dr00               239 	ld	hl, #(_sprites1 + 0x005d)
      0001D4 36 DC                  240 	ld	(hl), #0xdc
      0001D6 21r5Er00               241 	ld	hl, #(_sprites1 + 0x005e)
      0001D9 36 24                  242 	ld	(hl), #0x24
      0001DB 21r5Fr00               243 	ld	hl, #(_sprites1 + 0x005f)
      0001DE 36 DC                  244 	ld	(hl), #0xdc
      0001E0 21r60r00               245 	ld	hl, #(_sprites1 + 0x0060)
      0001E3 36 24                  246 	ld	(hl), #0x24
      0001E5 21r61r00               247 	ld	hl, #(_sprites1 + 0x0061)
      0001E8 36 3B                  248 	ld	(hl), #0x3b
      0001EA 21r62r00               249 	ld	hl, #(_sprites1 + 0x0062)
      0001ED 36 34                  250 	ld	(hl), #0x34
      0001EF 21r63r00               251 	ld	hl, #(_sprites1 + 0x0063)
      0001F2 36 3B                  252 	ld	(hl), #0x3b
      0001F4 21r64r00               253 	ld	hl, #(_sprites1 + 0x0064)
      0001F7 36 17                  254 	ld	(hl), #0x17
      0001F9 21r65r00               255 	ld	hl, #(_sprites1 + 0x0065)
      0001FC 36 18                  256 	ld	(hl), #0x18
      0001FE 21r66r00               257 	ld	hl, #(_sprites1 + 0x0066)
      000201 36 18                  258 	ld	(hl), #0x18
      000203 21r67r00               259 	ld	hl, #(_sprites1 + 0x0067)
      000206 36 1F                  260 	ld	(hl), #0x1f
      000208 21r68r00               261 	ld	hl, #(_sprites1 + 0x0068)
      00020B 36 0C                  262 	ld	(hl), #0x0c
      00020D 21r69r00               263 	ld	hl, #(_sprites1 + 0x0069)
      000210 36 0F                  264 	ld	(hl), #0x0f
      000212 21r6Ar00               265 	ld	hl, #(_sprites1 + 0x006a)
      000215 36 06                  266 	ld	(hl), #0x06
      000217 21r6Br00               267 	ld	hl, #(_sprites1 + 0x006b)
      00021A 36 07                  268 	ld	(hl), #0x07
      00021C 21r6Cr00               269 	ld	hl, #(_sprites1 + 0x006c)
      00021F 36 02                  270 	ld	(hl), #0x02
      000221 21r6Dr00               271 	ld	hl, #(_sprites1 + 0x006d)
      000224 36 03                  272 	ld	(hl), #0x03
      000226 21r6Er00               273 	ld	hl, #(_sprites1 + 0x006e)
      000229 36 01                  274 	ld	(hl), #0x01
      00022B 21r6Fr00               275 	ld	hl, #(_sprites1 + 0x006f)
      00022E 36 01                  276 	ld	(hl), #0x01
      000230 21r70r00               277 	ld	hl, #(_sprites1 + 0x0070)
      000233 36 24                  278 	ld	(hl), #0x24
      000235 21r71r00               279 	ld	hl, #(_sprites1 + 0x0071)
      000238 36 DC                  280 	ld	(hl), #0xdc
      00023A 21r72r00               281 	ld	hl, #(_sprites1 + 0x0072)
      00023D 36 2C                  282 	ld	(hl), #0x2c
      00023F 21r73r00               283 	ld	hl, #(_sprites1 + 0x0073)
      000242 36 DC                  284 	ld	(hl), #0xdc
      000244 21r74r00               285 	ld	hl, #(_sprites1 + 0x0074)
      000247 36 E8                  286 	ld	(hl), #0xe8
      000249 21r75r00               287 	ld	hl, #(_sprites1 + 0x0075)
      00024C 36 18                  288 	ld	(hl), #0x18
      00024E 21r76r00               289 	ld	hl, #(_sprites1 + 0x0076)
      000251 36 18                  290 	ld	(hl), #0x18
      000253 21r77r00               291 	ld	hl, #(_sprites1 + 0x0077)
      000256 36 F8                  292 	ld	(hl), #0xf8
      000258 21r78r00               293 	ld	hl, #(_sprites1 + 0x0078)
      00025B 36 30                  294 	ld	(hl), #0x30
      00025D 21r79r00               295 	ld	hl, #(_sprites1 + 0x0079)
      000260 36 F0                  296 	ld	(hl), #0xf0
      000262 21r7Ar00               297 	ld	hl, #(_sprites1 + 0x007a)
      000265 36 60                  298 	ld	(hl), #0x60
      000267 21r7Br00               299 	ld	hl, #(_sprites1 + 0x007b)
      00026A 36 E0                  300 	ld	(hl), #0xe0
      00026C 21r7Cr00               301 	ld	hl, #(_sprites1 + 0x007c)
      00026F 36 40                  302 	ld	(hl), #0x40
      000271 21r7Dr00               303 	ld	hl, #(_sprites1 + 0x007d)
      000274 36 C0                  304 	ld	(hl), #0xc0
      000276 21r7Er00               305 	ld	hl, #(_sprites1 + 0x007e)
      000279 36 80                  306 	ld	(hl), #0x80
      00027B 21r7Fr00               307 	ld	hl, #(_sprites1 + 0x007f)
      00027E 36 80                  308 	ld	(hl), #0x80
                                    309 ;game.c:8: UBYTE spritesize = 8;
      000280 21r90r00               310 	ld	hl, #_spritesize
      000283 36 08                  311 	ld	(hl), #0x08
                                    312 ;--------------------------------------------------------
                                    313 ; Home
                                    314 ;--------------------------------------------------------
                                    315 	.area _HOME
                                    316 	.area _HOME
                                    317 ;--------------------------------------------------------
                                    318 ; code
                                    319 ;--------------------------------------------------------
                                    320 	.area _CODE
                                    321 ;game.c:10: void performantdelay(UINT8 numloops){ // nova funcao delay
                                    322 ;	---------------------------------
                                    323 ; Function performantdelay
                                    324 ; ---------------------------------
      000000                        325 _performantdelay::
                                    326 ;game.c:12: for(i = 0; i < numloops; i++){
      000000 0E 00                  327 	ld	c, #0x00
      000002                        328 00103$:
      000002 79                     329 	ld	a, c
      000003 F8 02                  330 	ldhl	sp,	#2
      000005 96                     331 	sub	a, (hl)
      000006 D0                     332 	ret	NC
                                    333 ;game.c:13: wait_vbl_done();
      000007 CDr00r00               334 	call	_wait_vbl_done
                                    335 ;game.c:12: for(i = 0; i < numloops; i++){
      00000A 0C                     336 	inc	c
                                    337 ;game.c:15: }
      00000B 18 F5                  338 	jr	00103$
                                    339 ;game.c:17: void setPositionGameCharacter(struct personagem* character, UINT8 x, UINT8 y){ //define uma posição no mapa
                                    340 ;	---------------------------------
                                    341 ; Function setPositionGameCharacter
                                    342 ; ---------------------------------
      00000D                        343 _setPositionGameCharacter::
      00000D E8 FD                  344 	add	sp, #-3
                                    345 ;game.c:18: move_sprite(character->spriteIds[0], x, y);
      00000F F8 08                  346 	ldhl	sp,	#8
      000011 7E                     347 	ld	a, (hl)
      000012 F8 00                  348 	ldhl	sp,	#0
      000014 77                     349 	ld	(hl), a
      000015 F8 07                  350 	ldhl	sp,	#7
      000017 7E                     351 	ld	a, (hl)
      000018 F8 01                  352 	ldhl	sp,	#1
      00001A 77                     353 	ld	(hl), a
      00001B F8 05                  354 	ldhl	sp,#5
      00001D 2A                     355 	ld	a, (hl+)
      00001E 5F                     356 	ld	e, a
      00001F 56                     357 	ld	d, (hl)
      000020 1A                     358 	ld	a, (de)
      000021 4F                     359 	ld	c, a
                                    360 ;c:/gbdk/include/gb/gb.h:1072: OAM_item_t * itm = &shadow_OAM[nb];
      000022 AF                     361 	xor	a, a
      000023 69                     362 	ld	l, c
      000024 67                     363 	ld	h, a
      000025 29                     364 	add	hl, hl
      000026 29                     365 	add	hl, hl
      000027 01r00r00               366 	ld	bc, #_shadow_OAM
      00002A 09                     367 	add	hl, bc
      00002B 4D                     368 	ld	c, l
      00002C 44                     369 	ld	b, h
                                    370 ;c:/gbdk/include/gb/gb.h:1073: itm->y=y, itm->x=x;
      00002D F8 00                  371 	ldhl	sp,	#0
      00002F 2A                     372 	ld	a, (hl+)
      000030 02                     373 	ld	(bc), a
      000031 03                     374 	inc	bc
      000032 7E                     375 	ld	a, (hl)
      000033 02                     376 	ld	(bc), a
                                    377 ;game.c:19: move_sprite(character->spriteIds[1], x + spritesize, y);
      000034 7E                     378 	ld	a, (hl)
      000035 21r90r00               379 	ld	hl, #_spritesize
      000038 86                     380 	add	a, (hl)
      000039 6B                     381 	ld	l, e
      00003A 62                     382 	ld	h, d
      00003B 23                     383 	inc	hl
      00003C 4E                     384 	ld	c, (hl)
      00003D F8 02                  385 	ldhl	sp,	#2
      00003F 77                     386 	ld	(hl), a
                                    387 ;c:/gbdk/include/gb/gb.h:1072: OAM_item_t * itm = &shadow_OAM[nb];
      000040 AF                     388 	xor	a, a
      000041 69                     389 	ld	l, c
      000042 67                     390 	ld	h, a
      000043 29                     391 	add	hl, hl
      000044 29                     392 	add	hl, hl
      000045 01r00r00               393 	ld	bc, #_shadow_OAM
      000048 09                     394 	add	hl, bc
      000049 4D                     395 	ld	c, l
      00004A 44                     396 	ld	b, h
                                    397 ;c:/gbdk/include/gb/gb.h:1073: itm->y=y, itm->x=x;
      00004B F8 00                  398 	ldhl	sp,	#0
      00004D 2A                     399 	ld	a, (hl+)
      00004E 02                     400 	ld	(bc), a
      00004F 03                     401 	inc	bc
      000050 23                     402 	inc	hl
      000051 7E                     403 	ld	a, (hl)
      000052 02                     404 	ld	(bc), a
                                    405 ;game.c:20: move_sprite(character->spriteIds[2], x, y + spritesize);
      000053 2B                     406 	dec	hl
      000054 2B                     407 	dec	hl
      000055 7E                     408 	ld	a, (hl)
      000056 21r90r00               409 	ld	hl, #_spritesize
      000059 86                     410 	add	a, (hl)
      00005A F8 02                  411 	ldhl	sp,	#2
      00005C 77                     412 	ld	(hl), a
      00005D 6B                     413 	ld	l, e
      00005E 62                     414 	ld	h, d
      00005F 23                     415 	inc	hl
      000060 23                     416 	inc	hl
      000061 4E                     417 	ld	c, (hl)
                                    418 ;c:/gbdk/include/gb/gb.h:1072: OAM_item_t * itm = &shadow_OAM[nb];
      000062 AF                     419 	xor	a, a
      000063 69                     420 	ld	l, c
      000064 67                     421 	ld	h, a
      000065 29                     422 	add	hl, hl
      000066 29                     423 	add	hl, hl
      000067 01r00r00               424 	ld	bc, #_shadow_OAM
      00006A 09                     425 	add	hl, bc
      00006B 4D                     426 	ld	c, l
      00006C 44                     427 	ld	b, h
                                    428 ;c:/gbdk/include/gb/gb.h:1073: itm->y=y, itm->x=x;
      00006D F8 02                  429 	ldhl	sp,	#2
      00006F 7E                     430 	ld	a, (hl)
      000070 02                     431 	ld	(bc), a
      000071 03                     432 	inc	bc
      000072 2B                     433 	dec	hl
      000073 7E                     434 	ld	a, (hl)
      000074 02                     435 	ld	(bc), a
                                    436 ;game.c:21: move_sprite(character->spriteIds[3], x + spritesize, y + spritesize);
      000075 2B                     437 	dec	hl
      000076 7E                     438 	ld	a, (hl)
      000077 21r90r00               439 	ld	hl, #_spritesize
      00007A 86                     440 	add	a, (hl)
      00007B 47                     441 	ld	b, a
      00007C F8 01                  442 	ldhl	sp,	#1
      00007E 7E                     443 	ld	a, (hl)
      00007F 21r90r00               444 	ld	hl, #_spritesize
      000082 86                     445 	add	a, (hl)
      000083 4F                     446 	ld	c, a
      000084 13                     447 	inc	de
      000085 13                     448 	inc	de
      000086 13                     449 	inc	de
      000087 1A                     450 	ld	a, (de)
      000088 5F                     451 	ld	e, a
                                    452 ;c:/gbdk/include/gb/gb.h:1072: OAM_item_t * itm = &shadow_OAM[nb];
      000089 16 00                  453 	ld	d, #0x00
      00008B 6B                     454 	ld	l, e
      00008C 62                     455 	ld	h, d
      00008D 29                     456 	add	hl, hl
      00008E 29                     457 	add	hl, hl
      00008F 11r00r00               458 	ld	de, #_shadow_OAM
      000092 19                     459 	add	hl, de
                                    460 ;c:/gbdk/include/gb/gb.h:1073: itm->y=y, itm->x=x;
      000093 78                     461 	ld	a, b
      000094 22                     462 	ld	(hl+), a
      000095 71                     463 	ld	(hl), c
                                    464 ;game.c:21: move_sprite(character->spriteIds[3], x + spritesize, y + spritesize);
                                    465 ;game.c:22: }
      000096 E8 03                  466 	add	sp, #3
      000098 C9                     467 	ret
                                    468 ;game.c:24: UBYTE checkCollisions(struct personagem* one, struct personagem* two){
                                    469 ;	---------------------------------
                                    470 ; Function checkCollisions
                                    471 ; ---------------------------------
      000099                        472 _checkCollisions::
      000099 E8 F0                  473 	add	sp, #-16
                                    474 ;game.c:25: return (one->x >= two->x && one->x <= two->x + two->width) && (one->y >= two->y && one->y <= two->y + two->height) || (two->x >= one->x && two->x <= one->x + one->width) && (two->y >= one->y && two->y <= one->y + one->height);
      00009B F8 12                  475 	ldhl	sp,	#18
      00009D 2A                     476 	ld	a, (hl+)
      00009E 5E                     477 	ld	e, (hl)
      00009F F8 02                  478 	ldhl	sp,	#2
      0000A1 22                     479 	ld	(hl+), a
                                    480 ;c
      0000A2 7B                     481 	ld	a, e
      0000A3 32                     482 	ld	(hl-), a
      0000A4 2A                     483 	ld	a, (hl+)
      0000A5 5F                     484 	ld	e, a
      0000A6 56                     485 	ld	d, (hl)
      0000A7 21 04 00               486 	ld	hl, #0x0004
      0000AA 19                     487 	add	hl, de
      0000AB 4D                     488 	ld	c, l
      0000AC 44                     489 	ld	b, h
      0000AD 0A                     490 	ld	a, (bc)
      0000AE F8 04                  491 	ldhl	sp,	#4
      0000B0 77                     492 	ld	(hl), a
      0000B1 F8 14                  493 	ldhl	sp,	#20
      0000B3 2A                     494 	ld	a, (hl+)
      0000B4 5E                     495 	ld	e, (hl)
      0000B5 F8 00                  496 	ldhl	sp,	#0
      0000B7 22                     497 	ld	(hl+), a
      0000B8 73                     498 	ld	(hl), e
                                    499 ;c
      0000B9 D1                     500 	pop	de
      0000BA D5                     501 	push	de
      0000BB 21 04 00               502 	ld	hl, #0x0004
      0000BE 19                     503 	add	hl, de
      0000BF 4D                     504 	ld	c, l
      0000C0 44                     505 	ld	b, h
      0000C1 0A                     506 	ld	a, (bc)
      0000C2 F8 05                  507 	ldhl	sp,	#5
      0000C4 77                     508 	ld	(hl), a
      0000C5 2A                     509 	ld	a, (hl+)
      0000C6 77                     510 	ld	(hl), a
      0000C7 AF                     511 	xor	a, a
      0000C8 23                     512 	inc	hl
      0000C9 77                     513 	ld	(hl), a
      0000CA F8 04                  514 	ldhl	sp,	#4
      0000CC 7E                     515 	ld	a, (hl)
      0000CD F8 08                  516 	ldhl	sp,	#8
      0000CF 77                     517 	ld	(hl), a
      0000D0 AF                     518 	xor	a, a
      0000D1 23                     519 	inc	hl
      0000D2 77                     520 	ld	(hl), a
                                    521 ;c
      0000D3 F8 02                  522 	ldhl	sp,#2
      0000D5 2A                     523 	ld	a, (hl+)
      0000D6 5F                     524 	ld	e, a
      0000D7 56                     525 	ld	d, (hl)
      0000D8 21 05 00               526 	ld	hl, #0x0005
      0000DB 19                     527 	add	hl, de
      0000DC E5                     528 	push	hl
      0000DD 7D                     529 	ld	a, l
      0000DE F8 0C                  530 	ldhl	sp,	#12
      0000E0 77                     531 	ld	(hl), a
      0000E1 E1                     532 	pop	hl
      0000E2 7C                     533 	ld	a, h
      0000E3 F8 0B                  534 	ldhl	sp,	#11
      0000E5 77                     535 	ld	(hl), a
                                    536 ;c
      0000E6 D1                     537 	pop	de
      0000E7 D5                     538 	push	de
      0000E8 21 05 00               539 	ld	hl, #0x0005
      0000EB 19                     540 	add	hl, de
      0000EC E5                     541 	push	hl
      0000ED 7D                     542 	ld	a, l
      0000EE F8 0E                  543 	ldhl	sp,	#14
      0000F0 77                     544 	ld	(hl), a
      0000F1 E1                     545 	pop	hl
      0000F2 7C                     546 	ld	a, h
      0000F3 F8 0D                  547 	ldhl	sp,	#13
      0000F5 77                     548 	ld	(hl), a
      0000F6 F8 04                  549 	ldhl	sp,	#4
      0000F8 2A                     550 	ld	a, (hl+)
      0000F9 96                     551 	sub	a, (hl)
      0000FA 38 74                  552 	jr	C, 00108$
                                    553 ;c
      0000FC D1                     554 	pop	de
      0000FD D5                     555 	push	de
      0000FE 21 06 00               556 	ld	hl, #0x0006
      000101 19                     557 	add	hl, de
      000102 4E                     558 	ld	c, (hl)
      000103 06 00                  559 	ld	b, #0x00
      000105 F8 06                  560 	ldhl	sp,	#6
      000107 2A                     561 	ld	a, (hl+)
      000108 66                     562 	ld	h, (hl)
      000109 6F                     563 	ld	l, a
      00010A 09                     564 	add	hl, bc
      00010B 4D                     565 	ld	c, l
      00010C 44                     566 	ld	b, h
      00010D F8 08                  567 	ldhl	sp,	#8
      00010F 79                     568 	ld	a, c
      000110 96                     569 	sub	a, (hl)
      000111 23                     570 	inc	hl
      000112 78                     571 	ld	a, b
      000113 9E                     572 	sbc	a, (hl)
      000114 78                     573 	ld	a, b
      000115 57                     574 	ld	d, a
      000116 CB 7E                  575 	bit	7, (hl)
      000118 28 07                  576 	jr	Z, 00152$
      00011A CB 7A                  577 	bit	7, d
      00011C 20 08                  578 	jr	NZ, 00153$
      00011E BF                     579 	cp	a, a
      00011F 18 05                  580 	jr	00153$
      000121                        581 00152$:
      000121 CB 7A                  582 	bit	7, d
      000123 28 01                  583 	jr	Z, 00153$
      000125 37                     584 	scf
      000126                        585 00153$:
      000126 38 48                  586 	jr	C, 00108$
      000128 F8 0A                  587 	ldhl	sp,#10
      00012A 2A                     588 	ld	a, (hl+)
      00012B 5F                     589 	ld	e, a
      00012C 56                     590 	ld	d, (hl)
      00012D 1A                     591 	ld	a, (de)
      00012E F8 0F                  592 	ldhl	sp,	#15
      000130 32                     593 	ld	(hl-), a
      000131 2B                     594 	dec	hl
      000132 2B                     595 	dec	hl
      000133 2A                     596 	ld	a, (hl+)
      000134 5F                     597 	ld	e, a
      000135 56                     598 	ld	d, (hl)
      000136 1A                     599 	ld	a, (de)
      000137 4F                     600 	ld	c, a
      000138 23                     601 	inc	hl
      000139 23                     602 	inc	hl
      00013A 7E                     603 	ld	a, (hl)
      00013B 91                     604 	sub	a, c
      00013C 38 32                  605 	jr	C, 00108$
      00013E 06 00                  606 	ld	b, #0x00
                                    607 ;c
      000140 D1                     608 	pop	de
      000141 D5                     609 	push	de
      000142 21 07 00               610 	ld	hl, #0x0007
      000145 19                     611 	add	hl, de
      000146 5D                     612 	ld	e, l
      000147 54                     613 	ld	d, h
      000148 1A                     614 	ld	a, (de)
      000149 6F                     615 	ld	l, a
      00014A 26 00                  616 	ld	h, #0x00
      00014C 09                     617 	add	hl, bc
      00014D 4D                     618 	ld	c, l
      00014E 44                     619 	ld	b, h
      00014F F8 0F                  620 	ldhl	sp,	#15
      000151 3A                     621 	ld	a, (hl-)
      000152 77                     622 	ld	(hl), a
      000153 AF                     623 	xor	a, a
      000154 23                     624 	inc	hl
      000155 32                     625 	ld	(hl-), a
      000156 79                     626 	ld	a, c
      000157 96                     627 	sub	a, (hl)
      000158 23                     628 	inc	hl
      000159 78                     629 	ld	a, b
      00015A 9E                     630 	sbc	a, (hl)
      00015B 78                     631 	ld	a, b
      00015C 57                     632 	ld	d, a
      00015D CB 7E                  633 	bit	7, (hl)
      00015F 28 07                  634 	jr	Z, 00154$
      000161 CB 7A                  635 	bit	7, d
      000163 20 08                  636 	jr	NZ, 00155$
      000165 BF                     637 	cp	a, a
      000166 18 05                  638 	jr	00155$
      000168                        639 00154$:
      000168 CB 7A                  640 	bit	7, d
      00016A 28 01                  641 	jr	Z, 00155$
      00016C 37                     642 	scf
      00016D                        643 00155$:
      00016D D2r20r02               644 	jp	NC, 00104$
      000170                        645 00108$:
      000170 F8 05                  646 	ldhl	sp,	#5
      000172 3A                     647 	ld	a, (hl-)
      000173 96                     648 	sub	a, (hl)
      000174 DAr1Ar02               649 	jp	C, 00103$
                                    650 ;c
      000177 2B                     651 	dec	hl
      000178 2B                     652 	dec	hl
      000179 2A                     653 	ld	a, (hl+)
      00017A 5F                     654 	ld	e, a
      00017B 56                     655 	ld	d, (hl)
      00017C 21 06 00               656 	ld	hl, #0x0006
      00017F 19                     657 	add	hl, de
      000180 4E                     658 	ld	c, (hl)
      000181 06 00                  659 	ld	b, #0x00
      000183 F8 08                  660 	ldhl	sp,	#8
      000185 2A                     661 	ld	a, (hl+)
      000186 66                     662 	ld	h, (hl)
      000187 6F                     663 	ld	l, a
      000188 09                     664 	add	hl, bc
      000189 4D                     665 	ld	c, l
      00018A 44                     666 	ld	b, h
      00018B F8 06                  667 	ldhl	sp,	#6
      00018D 79                     668 	ld	a, c
      00018E 96                     669 	sub	a, (hl)
      00018F 23                     670 	inc	hl
      000190 78                     671 	ld	a, b
      000191 9E                     672 	sbc	a, (hl)
      000192 78                     673 	ld	a, b
      000193 57                     674 	ld	d, a
      000194 CB 7E                  675 	bit	7, (hl)
      000196 28 07                  676 	jr	Z, 00156$
      000198 CB 7A                  677 	bit	7, d
      00019A 20 08                  678 	jr	NZ, 00157$
      00019C BF                     679 	cp	a, a
      00019D 18 05                  680 	jr	00157$
      00019F                        681 00156$:
      00019F CB 7A                  682 	bit	7, d
      0001A1 28 01                  683 	jr	Z, 00157$
      0001A3 37                     684 	scf
      0001A4                        685 00157$:
      0001A4 38 74                  686 	jr	C, 00103$
      0001A6 F8 0C                  687 	ldhl	sp,#12
      0001A8 2A                     688 	ld	a, (hl+)
      0001A9 5F                     689 	ld	e, a
      0001AA 56                     690 	ld	d, (hl)
      0001AB 1A                     691 	ld	a, (de)
      0001AC 23                     692 	inc	hl
      0001AD 23                     693 	inc	hl
      0001AE 77                     694 	ld	(hl), a
      0001AF F8 0A                  695 	ldhl	sp,#10
      0001B1 2A                     696 	ld	a, (hl+)
      0001B2 5F                     697 	ld	e, a
      0001B3 56                     698 	ld	d, (hl)
      0001B4 1A                     699 	ld	a, (de)
      0001B5 4F                     700 	ld	c, a
      0001B6 F8 0F                  701 	ldhl	sp,	#15
      0001B8 7E                     702 	ld	a, (hl)
      0001B9 91                     703 	sub	a, c
      0001BA 38 5E                  704 	jr	C, 00103$
      0001BC F8 0B                  705 	ldhl	sp,	#11
      0001BE 71                     706 	ld	(hl), c
      0001BF AF                     707 	xor	a, a
      0001C0 23                     708 	inc	hl
      0001C1 77                     709 	ld	(hl), a
                                    710 ;c
      0001C2 F8 02                  711 	ldhl	sp,#2
      0001C4 2A                     712 	ld	a, (hl+)
      0001C5 5F                     713 	ld	e, a
      0001C6 56                     714 	ld	d, (hl)
      0001C7 21 07 00               715 	ld	hl, #0x0007
      0001CA 19                     716 	add	hl, de
      0001CB E5                     717 	push	hl
      0001CC 7D                     718 	ld	a, l
      0001CD F8 0F                  719 	ldhl	sp,	#15
      0001CF 77                     720 	ld	(hl), a
      0001D0 E1                     721 	pop	hl
      0001D1 7C                     722 	ld	a, h
      0001D2 F8 0E                  723 	ldhl	sp,	#14
      0001D4 32                     724 	ld	(hl-), a
      0001D5 2A                     725 	ld	a, (hl+)
      0001D6 5F                     726 	ld	e, a
      0001D7 56                     727 	ld	d, (hl)
      0001D8 1A                     728 	ld	a, (de)
      0001D9 77                     729 	ld	(hl), a
      0001DA 3A                     730 	ld	a, (hl-)
      0001DB 77                     731 	ld	(hl), a
      0001DC AF                     732 	xor	a, a
      0001DD 23                     733 	inc	hl
                                    734 ;c
      0001DE 32                     735 	ld	(hl-), a
      0001DF 2B                     736 	dec	hl
      0001E0 2B                     737 	dec	hl
      0001E1 2A                     738 	ld	a, (hl+)
      0001E2 5F                     739 	ld	e, a
      0001E3 2A                     740 	ld	a, (hl+)
      0001E4 57                     741 	ld	d, a
      0001E5 2A                     742 	ld	a, (hl+)
      0001E6 66                     743 	ld	h, (hl)
      0001E7 6F                     744 	ld	l, a
      0001E8 19                     745 	add	hl, de
      0001E9 E5                     746 	push	hl
      0001EA 7D                     747 	ld	a, l
      0001EB F8 0B                  748 	ldhl	sp,	#11
      0001ED 77                     749 	ld	(hl), a
      0001EE E1                     750 	pop	hl
      0001EF 7C                     751 	ld	a, h
      0001F0 F8 0A                  752 	ldhl	sp,	#10
      0001F2 77                     753 	ld	(hl), a
      0001F3 F8 0F                  754 	ldhl	sp,	#15
      0001F5 3A                     755 	ld	a, (hl-)
      0001F6 77                     756 	ld	(hl), a
      0001F7 AF                     757 	xor	a, a
      0001F8 23                     758 	inc	hl
      0001F9 77                     759 	ld	(hl), a
      0001FA F8 09                  760 	ldhl	sp,	#9
      0001FC 5D                     761 	ld	e, l
      0001FD 54                     762 	ld	d, h
      0001FE F8 0E                  763 	ldhl	sp,	#14
      000200 1A                     764 	ld	a, (de)
      000201 96                     765 	sub	a, (hl)
      000202 23                     766 	inc	hl
      000203 13                     767 	inc	de
      000204 1A                     768 	ld	a, (de)
      000205 9E                     769 	sbc	a, (hl)
      000206 1A                     770 	ld	a, (de)
      000207 57                     771 	ld	d, a
      000208 CB 7E                  772 	bit	7, (hl)
      00020A 28 07                  773 	jr	Z, 00158$
      00020C CB 7A                  774 	bit	7, d
      00020E 20 08                  775 	jr	NZ, 00159$
      000210 BF                     776 	cp	a, a
      000211 18 05                  777 	jr	00159$
      000213                        778 00158$:
      000213 CB 7A                  779 	bit	7, d
      000215 28 01                  780 	jr	Z, 00159$
      000217 37                     781 	scf
      000218                        782 00159$:
      000218 30 06                  783 	jr	NC, 00104$
      00021A                        784 00103$:
      00021A AF                     785 	xor	a, a
      00021B F8 0F                  786 	ldhl	sp,	#15
      00021D 77                     787 	ld	(hl), a
      00021E 18 04                  788 	jr	00105$
      000220                        789 00104$:
      000220 F8 0F                  790 	ldhl	sp,	#15
      000222 36 01                  791 	ld	(hl), #0x01
      000224                        792 00105$:
      000224 F8 0F                  793 	ldhl	sp,	#15
      000226 5E                     794 	ld	e, (hl)
                                    795 ;game.c:26: }
      000227 E8 10                  796 	add	sp, #16
      000229 C9                     797 	ret
                                    798 ;game.c:34: void setupAstronauta(){
                                    799 ;	---------------------------------
                                    800 ; Function setupAstronauta
                                    801 ; ---------------------------------
      00022A                        802 _setupAstronauta::
                                    803 ;game.c:35: astronauta.x = 80;
      00022A 01r80r00               804 	ld	bc, #_astronauta+0
      00022D 21r84r00               805 	ld	hl, #(_astronauta + 0x0004)
      000230 36 50                  806 	ld	(hl), #0x50
                                    807 ;game.c:36: astronauta.y = 130;
      000232 21r85r00               808 	ld	hl, #(_astronauta + 0x0005)
      000235 36 82                  809 	ld	(hl), #0x82
                                    810 ;game.c:37: astronauta.width = 16;
      000237 21r86r00               811 	ld	hl, #(_astronauta + 0x0006)
      00023A 36 10                  812 	ld	(hl), #0x10
                                    813 ;game.c:38: astronauta.height = 16;
      00023C 21r87r00               814 	ld	hl, #(_astronauta + 0x0007)
      00023F 36 10                  815 	ld	(hl), #0x10
                                    816 ;c:/gbdk/include/gb/gb.h:999: shadow_OAM[nb].tile=tile;
      000241 21r02r00               817 	ld	hl, #(_shadow_OAM + 0x0002)
      000244 36 00                  818 	ld	(hl), #0x00
                                    819 ;game.c:42: astronauta.spriteIds[0] = 0;
      000246 AF                     820 	xor	a, a
      000247 02                     821 	ld	(bc), a
                                    822 ;c:/gbdk/include/gb/gb.h:999: shadow_OAM[nb].tile=tile;
      000248 21r06r00               823 	ld	hl, #(_shadow_OAM + 0x0006)
      00024B 36 01                  824 	ld	(hl), #0x01
                                    825 ;game.c:44: astronauta.spriteIds[1] = 1;
      00024D 21r81r00               826 	ld	hl, #(_astronauta + 0x0001)
      000250 36 01                  827 	ld	(hl), #0x01
                                    828 ;c:/gbdk/include/gb/gb.h:999: shadow_OAM[nb].tile=tile;
      000252 21r0Ar00               829 	ld	hl, #(_shadow_OAM + 0x000a)
      000255 36 02                  830 	ld	(hl), #0x02
                                    831 ;game.c:46: astronauta.spriteIds[2] = 2;
      000257 21r82r00               832 	ld	hl, #(_astronauta + 0x0002)
      00025A 36 02                  833 	ld	(hl), #0x02
                                    834 ;c:/gbdk/include/gb/gb.h:999: shadow_OAM[nb].tile=tile;
      00025C 21r0Er00               835 	ld	hl, #(_shadow_OAM + 0x000e)
      00025F 36 03                  836 	ld	(hl), #0x03
                                    837 ;game.c:48: astronauta.spriteIds[3] = 3;
      000261 21r83r00               838 	ld	hl, #(_astronauta + 0x0003)
      000264 36 03                  839 	ld	(hl), #0x03
                                    840 ;game.c:50: setPositionGameCharacter(&astronauta, astronauta.x, astronauta.y);
      000266 FAr85r00               841 	ld	a, (#(_astronauta + 0x0005) + 0)
      000269 21r84r00               842 	ld	hl, #(_astronauta + 0x0004)
      00026C 66                     843 	ld	h, (hl)
      00026D F5                     844 	push	af
      00026E 33                     845 	inc	sp
      00026F E5                     846 	push	hl
      000270 33                     847 	inc	sp
      000271 C5                     848 	push	bc
      000272 CDr0Dr00               849 	call	_setPositionGameCharacter
      000275 E8 04                  850 	add	sp, #4
                                    851 ;game.c:51: }
      000277 C9                     852 	ret
                                    853 ;game.c:53: void setupFoguete(){
                                    854 ;	---------------------------------
                                    855 ; Function setupFoguete
                                    856 ; ---------------------------------
      000278                        857 _setupFoguete::
                                    858 ;game.c:54: foguete.x = 80;
      000278 01r88r00               859 	ld	bc, #_foguete+0
      00027B 21r8Cr00               860 	ld	hl, #(_foguete + 0x0004)
      00027E 36 50                  861 	ld	(hl), #0x50
                                    862 ;game.c:55: foguete.y = 30;
      000280 21r8Dr00               863 	ld	hl, #(_foguete + 0x0005)
      000283 36 1E                  864 	ld	(hl), #0x1e
                                    865 ;game.c:56: foguete.width = 16;
      000285 21r8Er00               866 	ld	hl, #(_foguete + 0x0006)
      000288 36 10                  867 	ld	(hl), #0x10
                                    868 ;game.c:57: foguete.height = 16;    
      00028A 21r8Fr00               869 	ld	hl, #(_foguete + 0x0007)
      00028D 36 10                  870 	ld	(hl), #0x10
                                    871 ;c:/gbdk/include/gb/gb.h:999: shadow_OAM[nb].tile=tile;
      00028F 21r12r00               872 	ld	hl, #(_shadow_OAM + 0x0012)
      000292 36 04                  873 	ld	(hl), #0x04
                                    874 ;game.c:61: foguete.spriteIds[0] = 4;
      000294 3E 04                  875 	ld	a, #0x04
      000296 02                     876 	ld	(bc), a
                                    877 ;c:/gbdk/include/gb/gb.h:999: shadow_OAM[nb].tile=tile;
      000297 21r16r00               878 	ld	hl, #(_shadow_OAM + 0x0016)
      00029A 36 05                  879 	ld	(hl), #0x05
                                    880 ;game.c:63: foguete.spriteIds[1] = 5;
      00029C 21r89r00               881 	ld	hl, #(_foguete + 0x0001)
      00029F 36 05                  882 	ld	(hl), #0x05
                                    883 ;c:/gbdk/include/gb/gb.h:999: shadow_OAM[nb].tile=tile;
      0002A1 21r1Ar00               884 	ld	hl, #(_shadow_OAM + 0x001a)
      0002A4 36 06                  885 	ld	(hl), #0x06
                                    886 ;game.c:65: foguete.spriteIds[2] = 6;
      0002A6 21r8Ar00               887 	ld	hl, #(_foguete + 0x0002)
      0002A9 36 06                  888 	ld	(hl), #0x06
                                    889 ;c:/gbdk/include/gb/gb.h:999: shadow_OAM[nb].tile=tile;
      0002AB 21r1Er00               890 	ld	hl, #(_shadow_OAM + 0x001e)
      0002AE 36 07                  891 	ld	(hl), #0x07
                                    892 ;game.c:67: foguete.spriteIds[3] = 7;
      0002B0 21r8Br00               893 	ld	hl, #(_foguete + 0x0003)
      0002B3 36 07                  894 	ld	(hl), #0x07
                                    895 ;game.c:69: setPositionGameCharacter(&foguete, foguete.x, foguete.y);
      0002B5 FAr8Dr00               896 	ld	a, (#(_foguete + 0x0005) + 0)
      0002B8 21r8Cr00               897 	ld	hl, #(_foguete + 0x0004)
      0002BB 66                     898 	ld	h, (hl)
      0002BC F5                     899 	push	af
      0002BD 33                     900 	inc	sp
      0002BE E5                     901 	push	hl
      0002BF 33                     902 	inc	sp
      0002C0 C5                     903 	push	bc
      0002C1 CDr0Dr00               904 	call	_setPositionGameCharacter
      0002C4 E8 04                  905 	add	sp, #4
                                    906 ;game.c:70: }
      0002C6 C9                     907 	ret
                                    908 ;game.c:72: void main(){
                                    909 ;	---------------------------------
                                    910 ; Function main
                                    911 ; ---------------------------------
      0002C7                        912 _main::
      0002C7 E8 B0                  913 	add	sp, #-80
                                    914 ;game.c:74: set_sprite_data(0, 8, sprites1);
      0002C9 21r00r00               915 	ld	hl, #_sprites1
      0002CC E5                     916 	push	hl
      0002CD 3E 08                  917 	ld	a, #0x08
      0002CF F5                     918 	push	af
      0002D0 33                     919 	inc	sp
      0002D1 AF                     920 	xor	a, a
      0002D2 F5                     921 	push	af
      0002D3 33                     922 	inc	sp
      0002D4 CDr00r00               923 	call	_set_sprite_data
      0002D7 E8 04                  924 	add	sp, #4
                                    925 ;game.c:75: setupAstronauta();
      0002D9 CDr2Ar02               926 	call	_setupAstronauta
                                    927 ;game.c:76: setupFoguete();
      0002DC CDr78r02               928 	call	_setupFoguete
                                    929 ;game.c:78: SHOW_SPRITES;
      0002DF F0r00                  930 	ldh	a, (_LCDC_REG+0)
      0002E1 F6 02                  931 	or	a, #0x02
      0002E3 E0r00                  932 	ldh	(_LCDC_REG+0),a
                                    933 ;game.c:79: DISPLAY_ON;
      0002E5 F0r00                  934 	ldh	a, (_LCDC_REG+0)
      0002E7 F6 80                  935 	or	a, #0x80
      0002E9 E0r00                  936 	ldh	(_LCDC_REG+0),a
                                    937 ;game.c:81: while(!checkCollisions(&astronauta,&foguete)){
      0002EB                        938 00111$:
      0002EB 21r88r00               939 	ld	hl, #_foguete
      0002EE E5                     940 	push	hl
      0002EF 21r80r00               941 	ld	hl, #_astronauta
      0002F2 E5                     942 	push	hl
      0002F3 CDr99r00               943 	call	_checkCollisions
      0002F6 E8 04                  944 	add	sp, #4
      0002F8 7B                     945 	ld	a, e
      0002F9 B7                     946 	or	a, a
      0002FA C2rB9r03               947 	jp	NZ, 00113$
                                    948 ;game.c:82: if(joypad() & J_LEFT){
      0002FD CDr00r00               949 	call	_joypad
                                    950 ;game.c:83: astronauta.x=astronauta.x-2;
      000300 01r84r00               951 	ld	bc, #_astronauta + 4
                                    952 ;game.c:84: setPositionGameCharacter(&astronauta, astronauta.x,astronauta.y);
                                    953 ;game.c:82: if(joypad() & J_LEFT){
      000303 CB 4B                  954 	bit	1, e
      000305 28 17                  955 	jr	Z, 00102$
                                    956 ;game.c:83: astronauta.x=astronauta.x-2;
      000307 0A                     957 	ld	a, (bc)
      000308 3D                     958 	dec	a
      000309 3D                     959 	dec	a
      00030A 02                     960 	ld	(bc), a
                                    961 ;game.c:84: setPositionGameCharacter(&astronauta, astronauta.x,astronauta.y);
      00030B 21r85r00               962 	ld	hl, #(_astronauta + 0x0005)
      00030E 66                     963 	ld	h, (hl)
      00030F 0A                     964 	ld	a, (bc)
      000310 57                     965 	ld	d, a
      000311 C5                     966 	push	bc
      000312 6A                     967 	ld	l, d
      000313 E5                     968 	push	hl
      000314 21r80r00               969 	ld	hl, #_astronauta
      000317 E5                     970 	push	hl
      000318 CDr0Dr00               971 	call	_setPositionGameCharacter
      00031B E8 04                  972 	add	sp, #4
      00031D C1                     973 	pop	bc
      00031E                        974 00102$:
                                    975 ;game.c:86: if(joypad() & J_RIGHT){
      00031E CDr00r00               976 	call	_joypad
      000321 7B                     977 	ld	a, e
      000322 0F                     978 	rrca
      000323 30 17                  979 	jr	NC, 00104$
                                    980 ;game.c:87: astronauta.x=astronauta.x+2;
      000325 0A                     981 	ld	a, (bc)
      000326 C6 02                  982 	add	a, #0x02
      000328 02                     983 	ld	(bc), a
                                    984 ;game.c:88: setPositionGameCharacter(&astronauta,astronauta.x,astronauta.y);
      000329 21r85r00               985 	ld	hl, #(_astronauta + 0x0005)
      00032C 66                     986 	ld	h, (hl)
      00032D 0A                     987 	ld	a, (bc)
      00032E 57                     988 	ld	d, a
      00032F C5                     989 	push	bc
      000330 6A                     990 	ld	l, d
      000331 E5                     991 	push	hl
      000332 21r80r00               992 	ld	hl, #_astronauta
      000335 E5                     993 	push	hl
      000336 CDr0Dr00               994 	call	_setPositionGameCharacter
      000339 E8 04                  995 	add	sp, #4
      00033B C1                     996 	pop	bc
      00033C                        997 00104$:
                                    998 ;game.c:90: if(joypad() & J_UP){
      00033C CDr00r00               999 	call	_joypad
      00033F CB 53                 1000 	bit	2, e
      000341 28 1B                 1001 	jr	Z, 00106$
                                   1002 ;game.c:91: astronauta.y=astronauta.y-2;
      000343 FAr85r00              1003 	ld	a, (#(_astronauta + 0x0005) + 0)
      000346 3D                    1004 	dec	a
      000347 3D                    1005 	dec	a
      000348 EAr85r00              1006 	ld	(#(_astronauta + 0x0005)),a
                                   1007 ;game.c:92: setPositionGameCharacter(&astronauta,astronauta.x,astronauta.y);
      00034B 21r85r00              1008 	ld	hl, #(_astronauta + 0x0005)
      00034E 66                    1009 	ld	h, (hl)
      00034F 0A                    1010 	ld	a, (bc)
      000350 57                    1011 	ld	d, a
      000351 C5                    1012 	push	bc
      000352 6A                    1013 	ld	l, d
      000353 E5                    1014 	push	hl
      000354 21r80r00              1015 	ld	hl, #_astronauta
      000357 E5                    1016 	push	hl
      000358 CDr0Dr00              1017 	call	_setPositionGameCharacter
      00035B E8 04                 1018 	add	sp, #4
      00035D C1                    1019 	pop	bc
      00035E                       1020 00106$:
                                   1021 ;game.c:94: if(joypad() & J_DOWN){
      00035E CDr00r00              1022 	call	_joypad
      000361 CB 5B                 1023 	bit	3, e
      000363 28 1B                 1024 	jr	Z, 00108$
                                   1025 ;game.c:95: astronauta.y=astronauta.y+2;
      000365 FAr85r00              1026 	ld	a, (#(_astronauta + 0x0005) + 0)
      000368 C6 02                 1027 	add	a, #0x02
      00036A EAr85r00              1028 	ld	(#(_astronauta + 0x0005)),a
                                   1029 ;game.c:96: setPositionGameCharacter(&astronauta,astronauta.x,astronauta.y);
      00036D 21r85r00              1030 	ld	hl, #(_astronauta + 0x0005)
      000370 66                    1031 	ld	h, (hl)
      000371 0A                    1032 	ld	a, (bc)
      000372 57                    1033 	ld	d, a
      000373 C5                    1034 	push	bc
      000374 6A                    1035 	ld	l, d
      000375 E5                    1036 	push	hl
      000376 21r80r00              1037 	ld	hl, #_astronauta
      000379 E5                    1038 	push	hl
      00037A CDr0Dr00              1039 	call	_setPositionGameCharacter
      00037D E8 04                 1040 	add	sp, #4
      00037F C1                    1041 	pop	bc
      000380                       1042 00108$:
                                   1043 ;game.c:99: foguete.y+= 5;
      000380 FAr8Dr00              1044 	ld	a, (#(_foguete + 0x0005) + 0)
      000383 C6 05                 1045 	add	a, #0x05
      000385 EAr8Dr00              1046 	ld	(#(_foguete + 0x0005)),a
                                   1047 ;game.c:100: if(foguete.y >= 144){
                                   1048 ;game.c:102: foguete.x = astronauta.x;
                                   1049 ;game.c:100: if(foguete.y >= 144){
      000388 FAr8Dr00              1050 	ld	a, (#(_foguete + 0x0005) + 0)
      00038B D6 90                 1051 	sub	a, #0x90
      00038D 38 09                 1052 	jr	C, 00110$
                                   1053 ;game.c:101: foguete.y=0;
      00038F 21r8Dr00              1054 	ld	hl, #(_foguete + 0x0005)
      000392 36 00                 1055 	ld	(hl), #0x00
                                   1056 ;game.c:102: foguete.x = astronauta.x;
      000394 0A                    1057 	ld	a, (bc)
      000395 EAr8Cr00              1058 	ld	(#(_foguete + 0x0004)),a
      000398                       1059 00110$:
                                   1060 ;game.c:104: setPositionGameCharacter(&foguete,foguete.x,foguete.y);
      000398 21r8Dr00              1061 	ld	hl, #(_foguete + 0x0005)
      00039B 4E                    1062 	ld	c, (hl)
      00039C 21r8Cr00              1063 	ld	hl, #(_foguete + 0x0004)
      00039F 46                    1064 	ld	b, (hl)
      0003A0 79                    1065 	ld	a, c
      0003A1 F5                    1066 	push	af
      0003A2 33                    1067 	inc	sp
      0003A3 C5                    1068 	push	bc
      0003A4 33                    1069 	inc	sp
      0003A5 21r88r00              1070 	ld	hl, #_foguete
      0003A8 E5                    1071 	push	hl
      0003A9 CDr0Dr00              1072 	call	_setPositionGameCharacter
      0003AC E8 04                 1073 	add	sp, #4
                                   1074 ;game.c:105: performantdelay(5);
      0003AE 3E 05                 1075 	ld	a, #0x05
      0003B0 F5                    1076 	push	af
      0003B1 33                    1077 	inc	sp
      0003B2 CDr00r00              1078 	call	_performantdelay
      0003B5 33                    1079 	inc	sp
      0003B6 C3rEBr02              1080 	jp	00111$
      0003B9                       1081 00113$:
                                   1082 ;game.c:111: sprintf(str,"\n \n \n \n \n \n \n === GAME  OVER ===");
      0003B9 F8 00                 1083 	ldhl	sp,	#0
      0003BB 4D                    1084 	ld	c, l
      0003BC 44                    1085 	ld	b, h
      0003BD 59                    1086 	ld	e, c
      0003BE 50                    1087 	ld	d, b
      0003BF C5                    1088 	push	bc
      0003C0 21rD2r03              1089 	ld	hl, #___str_0
      0003C3 E5                    1090 	push	hl
      0003C4 D5                    1091 	push	de
      0003C5 CDr00r00              1092 	call	_sprintf
      0003C8 E8 04                 1093 	add	sp, #4
      0003CA CDr00r00              1094 	call	_puts
      0003CD E8 02                 1095 	add	sp, #2
                                   1096 ;game.c:113: }
      0003CF E8 50                 1097 	add	sp, #80
      0003D1 C9                    1098 	ret
      0003D2                       1099 ___str_0:
      0003D2 0A                    1100 	.db 0x0a
      0003D3 20                    1101 	.ascii " "
      0003D4 0A                    1102 	.db 0x0a
      0003D5 20                    1103 	.ascii " "
      0003D6 0A                    1104 	.db 0x0a
      0003D7 20                    1105 	.ascii " "
      0003D8 0A                    1106 	.db 0x0a
      0003D9 20                    1107 	.ascii " "
      0003DA 0A                    1108 	.db 0x0a
      0003DB 20                    1109 	.ascii " "
      0003DC 0A                    1110 	.db 0x0a
      0003DD 20                    1111 	.ascii " "
      0003DE 0A                    1112 	.db 0x0a
      0003DF 20 3D 3D 3D 20 47 41  1113 	.ascii " === GAME  OVER ==="
             4D 45 20 20 4F 56 45
             52 20 3D 3D 3D
      0003F2 00                    1114 	.db 0x00
                                   1115 	.area _CODE
                                   1116 	.area _CABS (ABS)
